// Jest Snapshot v1, https://goo.gl/fbAQLP

exports[`AboutView Crea / valida un snapshot de la vista AboutView 1`] = `
<div class="about">
  <h1>Sobre</h1>
</div>
`;
